// Jest Snapshot v1, https://goo.gl/fbAQLP

exports[`Testing APP component Rendering companies 1`] = `
Object {
  "asFragment": [Function],
  "baseElement": <body>
    <div>
      <div
        class="App pt-6"
      >
        <header
          class="App-header mx-auto bg-blue flex px-4 fixed top-0 w-full z-10"
        >
          <a
            aria-current="page"
            class="flex w-full active"
            href="/"
          >
            <p>
              &lt;
            </p>
            <h2
              class="m-auto"
            >
               
              Companies
            </h2>
            <span
              class="w-4 h-4 bg-microphone bg-cover my-auto mr-6"
            />
            <span
              class="w-4 h-4 bg-gear bg-cover my-auto"
            />
          </a>
        </header>
        <main
          class="w-full"
        />
        <footer
          class="bg-blue-dark fixed bottom-0 w-full"
        >
          CC License
        </footer>
      </div>
    </div>
  </body>,
  "container": <div>
    <div
      class="App pt-6"
    >
      <header
        class="App-header mx-auto bg-blue flex px-4 fixed top-0 w-full z-10"
      >
        <a
          aria-current="page"
          class="flex w-full active"
          href="/"
        >
          <p>
            &lt;
          </p>
          <h2
            class="m-auto"
          >
             
            Companies
          </h2>
          <span
            class="w-4 h-4 bg-microphone bg-cover my-auto mr-6"
          />
          <span
            class="w-4 h-4 bg-gear bg-cover my-auto"
          />
        </a>
      </header>
      <main
        class="w-full"
      />
      <footer
        class="bg-blue-dark fixed bottom-0 w-full"
      >
        CC License
      </footer>
    </div>
  </div>,
  "debug": [Function],
  "findAllByAltText": [Function],
  "findAllByDisplayValue": [Function],
  "findAllByLabelText": [Function],
  "findAllByPlaceholderText": [Function],
  "findAllByRole": [Function],
  "findAllByTestId": [Function],
  "findAllByText": [Function],
  "findAllByTitle": [Function],
  "findByAltText": [Function],
  "findByDisplayValue": [Function],
  "findByLabelText": [Function],
  "findByPlaceholderText": [Function],
  "findByRole": [Function],
  "findByTestId": [Function],
  "findByText": [Function],
  "findByTitle": [Function],
  "getAllByAltText": [Function],
  "getAllByDisplayValue": [Function],
  "getAllByLabelText": [Function],
  "getAllByPlaceholderText": [Function],
  "getAllByRole": [Function],
  "getAllByTestId": [Function],
  "getAllByText": [Function],
  "getAllByTitle": [Function],
  "getByAltText": [Function],
  "getByDisplayValue": [Function],
  "getByLabelText": [Function],
  "getByPlaceholderText": [Function],
  "getByRole": [Function],
  "getByTestId": [Function],
  "getByText": [Function],
  "getByTitle": [Function],
  "queryAllByAltText": [Function],
  "queryAllByDisplayValue": [Function],
  "queryAllByLabelText": [Function],
  "queryAllByPlaceholderText": [Function],
  "queryAllByRole": [Function],
  "queryAllByTestId": [Function],
  "queryAllByText": [Function],
  "queryAllByTitle": [Function],
  "queryByAltText": [Function],
  "queryByDisplayValue": [Function],
  "queryByLabelText": [Function],
  "queryByPlaceholderText": [Function],
  "queryByRole": [Function],
  "queryByTestId": [Function],
  "queryByText": [Function],
  "queryByTitle": [Function],
  "rerender": [Function],
  "unmount": [Function],
}
`;
